k_groups,effect_f,alpha,power,allocation,exp_n
4,0.25,0.05,0.8,,180
3,0.35,0.05,0.9,"1,1,2",132
