mu1,mu2,sd,alpha,power,ratio,test,tail,ni_margin,ni_type,exp_n1,exp_n2
0.0,0.5,1.0,0.05,0.8,1.0,t,two-sided,,,64,64
1.0,1.3,0.8,0.01,0.9,1.5,z,greater,,,155,233
