delta,sd,alpha,power,tail,test,ni_margin,ni_type,exp_n
0.5,1.0,0.05,0.8,two-sided,t,,,34
0.4,0.9,0.05,0.85,greater,z,,,37
