delta,sd_diff,alpha,power,tail,ni_margin,ni_type,exp_n
0.5,1.0,0.05,0.8,two-sided,,,34
