events_required,accrual_years,followup_years,base_hazard_ctrl,hr,allocation,dropout_hazard,entry_distribution,exp_n_total
350,2.0,1.0,0.2,0.75,0.5,0.05,uniform,1265
150,1.0,2.0,0.1,0.65,0.6,0.0,instant,715
