hr,alpha,power,allocation,tail,exp_events
0.7,0.05,0.8,0.5,two-sided,246.7871045473584
0.8,0.025,0.9,0.6,greater,879.257933881124
1.3,0.05,0.85,0.5,less,417.7699894127194
