p1,p2,alpha,power,ratio,tail,exp_n1,exp_n2
0.6,0.4,0.05,0.8,1.0,two-sided,108,108
0.65,0.45,0.05,0.9,1.0,greater,115,115
